POLYGON ((11.851250409710307 58.048525104527911, 11.851124345886607 58.048421486186868, 11.851494490730662 58.048364708886254, 11.851250409710307 58.048525104527911))