POLYGON ((11.82043981552126 58.068356082112246, 11.819613695144673 58.06866818143402, 11.818626642227192 58.068549016560375, 11.81819748878481 58.068225567041509, 11.817489385604878 58.067675128668654, 11.81919527053835 58.067397068945283, 11.819205999374409 58.06806667848543, 11.82043981552126 58.068356082112246))