POLYGON ((17.5189979955459 59.8298203729009, 17.5190071588812 59.8296936773323, 17.519133203852 59.8297423369731, 17.5191345140461 59.8298223425544, 17.5189979955459 59.8298203729009))