POLYGON ((18.623324871063232 -33.87930689800001, 18.518954753875732 -33.814295035787055, 18.469516277313232 -33.906665509534392, 18.410464763641357 -33.904385960456537, 18.365146160125732 -33.929457647348386, 18.366519451141357 -33.97046812793053, 18.443423748016357 -34.00804370312774, 18.446170330047607 -34.072907819484428, 18.466769695281982 -34.103615608063791, 18.638431072235107 -34.0694951555098, 18.693362712860107 -34.0694951555098, 18.731814861297607 -34.043326831827528, 18.741427898406982 -33.978440092814679, 18.700229167938232 -33.915783096255439, 18.679629802703857 -33.880447015354235, 18.623324871063232 -33.87930689800001))