POLYGON ((14.394217491149902 35.912911347607185, 14.408808708190918 35.9052643183337, 14.401598930358887 35.894696298117694, 14.424944877624512 35.90192720122905, 14.452582359313965 35.892332205754307, 14.437304496765137 35.901510051696953, 14.454127311706543 35.913745524272187, 14.435416221618652 35.913467466361155, 14.423571586608887 35.933346143633209, 14.413786888122559 35.912772317307883, 14.394217491149902 35.912911347607185))