POLYGON ((9.5204846858978343 49.758400165268135, 9.520565152168281 49.758663540943289, 9.520715355873115 49.758826417289669, 9.520715355873115 49.758954638709376, 9.520940661430366 49.759068998067924, 9.520865559577949 49.759172960887113, 9.5206885337829661 49.759211080531635, 9.5206187963485789 49.759328904697945, 9.5203827619552683 49.759315043046179, 9.5201735496521067 49.759249200146179, 9.5198945999145579 49.759235338471633, 9.51957273483277 49.759335835522336, 9.51936352252961 49.75936702421987, 9.51910603046418 49.759134841212628, 9.5190309286117625 49.758933846069759, 9.5191274881362986 49.758760573726164, 9.5192884206771922 49.758604628087532, 9.51936352252961 49.758424423613825, 9.5194815397262644 49.75831006273507, 9.5197819471359324 49.758251149449848, 9.5204846858978343 49.758400165268135))