POLYGON ((11.852665089664928 58.048170737658793, 11.852927946148387 58.048042987709181, 11.85287430196809 58.048368039461423, 11.852665089664928 58.048170737658793))